Microsoft (R) Macro Assembler Version 6.11		    03/01/22 17:50:19
test0605.asm						     Page 1 - 1


				assume cs:code,ds:data,ss:stack

 0000				data segment
 0000  0123 0456 0789		  dw 0123h,0456h,0789h,0abch,0defh,0fedh,0cbah,0987h
       0ABC 0DEF 0FED
       0CBA 0987
 0010				data ends

 0000				stack segment
 0000  0000 0000 0000		  dw 0,0,0,0,0,0,0,0
       0000 0000 0000
       0000 0000
 0010				stack ends

 0000				code segment

 0000  B8 ---- R		start: mov ax,stack
 0003  8E D0			       mov ss,ax
 0005  BC 0010			       mov sp,16
				       
 0008  B8 ---- R		       mov ax,data
 000B  8E D8			       mov ds,ax
				       
 000D  FF 36 0000		       push ds:[0]
 0011  FF 36 0002		       push ds:[2]
 0015  8F 06 0002		       pop ds:[2]
 0019  8F 06 0000		       pop ds:[0]
				       
 001D  B8 4C00			       mov ax,4c00h
 0020  CD 21			       int 21h
 0022				code ends

				end start
Microsoft (R) Macro Assembler Version 6.11		    03/01/22 17:50:19
test0605.asm						     Symbols 2 - 1




Segments and Groups:

                N a m e                 Size     Length   Align   Combine Class

code . . . . . . . . . . . . . .	16 Bit	 0022	  Para	  Private 
data . . . . . . . . . . . . . .	16 Bit	 0010	  Para	  Private 
stack  . . . . . . . . . . . . .	16 Bit	 0010	  Para	  Private 


Symbols:

                N a m e                 Type     Value    Attr

start  . . . . . . . . . . . . .	L Near	 0000	  code	

	   0 Warnings
	   0 Errors
